
> ledger-system-app@0.0.0 build
> next build

   ▲ Next.js 16.0.10 (Turbopack)
   - Environments: .env.local

   Creating an optimized production build ...
