2行目: 社員コード「1103800」は社員マスタに存在しません
2行目: 事業所コード「9133-00」は事業所マスタに存在しません
3行目: 社員コード「9771」は社員マスタに存在しません
4行目: 社員コード「3898」は社員マスタに存在しません
5行目: 社員コード「11063」は社員マスタに存在しません
6行目: 事業所コード「9641-00」は事業所マスタに存在しません
7行目: 社員コードに不正な文字が含まれています（半角数字と「-」のみ使用可能）
8行目: 社員コード「9454」は社員マスタに存在しません
9行目: 社員コード「5232」は社員マスタに存在しません
10行目: 社員コード「70132」は社員マスタに存在しません
10行目: 事業所コード「0001-03」は事業所マスタに存在しません
11行目: 事業所コード「9601-00」は事業所マスタに存在しません
12行目: 社員コード「4730」は社員マスタに存在しません
12行目: 事業所コード「8111-00」は事業所マスタに存在しません
13行目: 社員コード「550042」は社員マスタに存在しません
13行目: 事業所コード「9536-00」は事業所マスタに存在しません
14行目: 事業所コード「9133-00」は事業所マスタに存在しません
15行目: 事業所コード「9402-00」は事業所マスタに存在しません
16行目: 社員コード「7952」は社員マスタに存在しません
17行目: 事業所コード「9331-00」は事業所マスタに存在しません
18行目: 事業所コード「9334-00」は事業所マスタに存在しません
19行目: 事業所コード「9332-00」は事業所マスタに存在しません
23行目: 社員コード「4773」は社員マスタに存在しません
24行目: 事業所コード「9601-00」は事業所マスタに存在しません
25行目: 社員コード「900045」は社員マスタに存在しません
26行目: 社員コード「3946」は社員マスタに存在しません
26行目: 事業所コード「8111-00」は事業所マスタに存在しません
27行目: 社員コード「880059」は社員マスタに存在しません
28行目: 社員コード「11276」は社員マスタに存在しません
28行目: 事業所コード「9201-00」は事業所マスタに存在しません
29行目: 社員コード「550073」は社員マスタに存在しません
29行目: 事業所コード「9241-00」は事業所マスタに存在しません
30行目: 社員コード「11547」は社員マスタに存在しません
31行目: 社員コード「900015」は社員マスタに存在しません
33行目: 社員コード「550024」は社員マスタに存在しません
34行目: 事業所コード「9380-00」は事業所マスタに存在しません
35行目: 社員コード「8600」は社員マスタに存在しません
35行目: 事業所コード「9620-00」は事業所マスタに存在しません
36行目: 社員コード「550185」は社員マスタに存在しません
37行目: 事業所コード「9641-00」は事業所マスタに存在しません
38行目: 社員コード「5025」は社員マスタに存在しません
39行目: 社員コード「11964」は社員マスタに存在しません
40行目: 社員コード「550041」は社員マスタに存在しません
41行目: 社員コード「8272」は社員マスタに存在しません
42行目: 事業所コード「9601-00」は事業所マスタに存在しません
43行目: 社員コード「501064」は社員マスタに存在しません
43行目: 事業所コード「0001-03」は事業所マスタに存在しません
44行目: 社員コード「500646」は社員マスタに存在しません
44行目: 事業所コード「0001-02」は事業所マスタに存在しません
45行目: 社員コード「500692」は社員マスタに存在しません
45行目: 事業所コード「0001-03」は事業所マスタに存在しません
46行目: 社員コード「500791」は社員マスタに存在しません
46行目: 事業所コード「0001-03」は事業所マスタに存在しません
47行目: 管理番号が空です
47行目: 社員コード「500843」は社員マスタに存在しません
47行目: 事業所コード「0001-02」は事業所マスタに存在しません
48行目: 社員コード「500889」は社員マスタに存在しません
48行目: 事業所コード「0001-03」は事業所マスタに存在しません
49行目: 社員コード「500930」は社員マスタに存在しません
49行目: 事業所コード「9601-00」は事業所マスタに存在しません
50行目: 社員コード「500934」は社員マスタに存在しません
50行目: 事業所コード「0001-03」は事業所マスタに存在しません
51行目: 社員コード「500970」は社員マスタに存在しません
51行目: 事業所コード「0001-03」は事業所マスタに存在しません
52行目: 社員コード「501051」は社員マスタに存在しません
52行目: 事業所コード「0001-03」は事業所マスタに存在しません
53行目: 社員コード「70115」は社員マスタに存在しません
53行目: 事業所コード「0001-03」は事業所マスタに存在しません
54行目: 社員コード「770057」は社員マスタに存在しません
55行目: 社員コード「550016」は社員マスタに存在しません
55行目: 事業所コード「9536-00」は事業所マスタに存在しません
56行目: 社員コード「70108」は社員マスタに存在しません
56行目: 事業所コード「0005-01」は事業所マスタに存在しません
57行目: 社員コード「770166」は社員マスタに存在しません
57行目: 事業所コード「8752-00」は事業所マスタに存在しません
58行目: 社員コード「770005」は社員マスタに存在しません
60行目: 事業所コード「9335-00」は事業所マスタに存在しません
61行目: 事業所コード「9335-00」は事業所マスタに存在しません
62行目: 事業所コード「9335-00」は事業所マスタに存在しません
63行目: 事業所コード「9335-00」は事業所マスタに存在しません
64行目: 事業所コード「9335-00」は事業所マスタに存在しません
65行目: 事業所コード「9335-00」は事業所マスタに存在しません
66行目: 事業所コード「9335-00」は事業所マスタに存在しません
67行目: 事業所コード「9335-00」は事業所マスタに存在しません
68行目: 事業所コード「9335-00」は事業所マスタに存在しません
69行目: 事業所コード「9335-00」は事業所マスタに存在しません
70行目: 事業所コード「9335-00」は事業所マスタに存在しません
71行目: 事業所コード「9335-00」は事業所マスタに存在しません
72行目: 事業所コード「9335-00」は事業所マスタに存在しません
73行目: 事業所コード「9335-00」は事業所マスタに存在しません
74行目: 事業所コード「9335-00」は事業所マスタに存在しません
75行目: 事業所コード「9335-00」は事業所マスタに存在しません
76行目: 事業所コード「9335-00」は事業所マスタに存在しません
77行目: 事業所コード「9335-00」は事業所マスタに存在しません
78行目: 事業所コード「9335-00」は事業所マスタに存在しません
79行目: 事業所コード「9335-00」は事業所マスタに存在しません
80行目: 事業所コード「9335-00」は事業所マスタに存在しません
81行目: 事業所コード「9335-00」は事業所マスタに存在しません
82行目: 事業所コード「9335-00」は事業所マスタに存在しません
83行目: 事業所コード「9335-00」は事業所マスタに存在しません
84行目: 事業所コード「9335-00」は事業所マスタに存在しません
85行目: 事業所コード「9335-00」は事業所マスタに存在しません
86行目: 事業所コード「9335-00」は事業所マスタに存在しません
87行目: 事業所コード「9335-00」は事業所マスタに存在しません
88行目: 事業所コード「9335-00」は事業所マスタに存在しません
89行目: 事業所コード「9335-00」は事業所マスタに存在しません
90行目: 社員コード「900056」は社員マスタに存在しません
91行目: 社員コード「2523」は社員マスタに存在しません
91行目: 事業所コード「8011-00」は事業所マスタに存在しません
92行目: 社員コード「3422」は社員マスタに存在しません
92行目: 事業所コード「9106-00」は事業所マスタに存在しません
93行目: 社員コード「4270」は社員マスタに存在しません
93行目: 事業所コード「8111-00」は事業所マスタに存在しません
94行目: 社員コード「4315」は社員マスタに存在しません
95行目: 社員コード「4264」は社員マスタに存在しません
95行目: 事業所コード「9255-00」は事業所マスタに存在しません
96行目: 社員コード「4356」は社員マスタに存在しません
97行目: 社員コード「4288」は社員マスタに存在しません
97行目: 事業所コード「8121-00」は事業所マスタに存在しません
98行目: 社員コード「550080」は社員マスタに存在しません
98行目: 事業所コード「9546-00」は事業所マスタに存在しません
99行目: 事業所コード「9353-00」は事業所マスタに存在しません
100行目: 社員コード「800098」は社員マスタに存在しません
100行目: 事業所コード「9241-00」は事業所マスタに存在しません
101行目: 社員コード「12134」は社員マスタに存在しません
102行目: 社員コード「5230」は社員マスタに存在しません
103行目: 事業所コード「13000」は事業所マスタに存在しません
104行目: 社員コード「10144」は社員マスタに存在しません
105行目: 管理番号が空です
105行目: 電話番号が空です
105行目: 社員コード「5199」は社員マスタに存在しません
105行目: 事業所コード「8121-00」は事業所マスタに存在しません
106行目: 社員コード「5226」は社員マスタに存在しません
106行目: 事業所コード「9536-00」は事業所マスタに存在しません
107行目: 社員コード「5206」は社員マスタに存在しません
108行目: 事業所コード「13000」は事業所マスタに存在しません
109行目: 事業所コード「13000」は事業所マスタに存在しません
110行目: 事業所コード「13000」は事業所マスタに存在しません
111行目: 事業所コード「13000」は事業所マスタに存在しません
112行目: 事業所コード「13000」は事業所マスタに存在しません
113行目: 事業所コード「13000」は事業所マスタに存在しません
114行目: 事業所コード「13000」は事業所マスタに存在しません
115行目: 事業所コード「13000」は事業所マスタに存在しません
116行目: 事業所コード「13000」は事業所マスタに存在しません
117行目: 事業所コード「13000」は事業所マスタに存在しません
118行目: 事業所コード「13000」は事業所マスタに存在しません
119行目: 事業所コード「13000」は事業所マスタに存在しません
120行目: 事業所コード「13000」は事業所マスタに存在しません
121行目: 事業所コード「13000」は事業所マスタに存在しません
122行目: 事業所コード「13000」は事業所マスタに存在しません
123行目: 社員コード「5225」は社員マスタに存在しません
123行目: 事業所コード「9241-00」は事業所マスタに存在しません
124行目: 社員コード「5241」は社員マスタに存在しません
125行目: 社員コード「550169」は社員マスタに存在しません
126行目: 社員コード「1338」は社員マスタに存在しません
128行目: 社員コード「10353」は社員マスタに存在しません
129行目: 事業所コード「9335-00」は事業所マスタに存在しません
130行目: 事業所コード「9601-00」は事業所マスタに存在しません
131行目: 社員コード「2859」は社員マスタに存在しません
132行目: 社員コード「3543」は社員マスタに存在しません
133行目: 社員コード「2521」は社員マスタに存在しません
134行目: 社員コード「2040」は社員マスタに存在しません
134行目: 事業所コード「9310-00」は事業所マスタに存在しません
135行目: 社員コード「9682」は社員マスタに存在しません
136行目: 社員コード「4507」は社員マスタに存在しません
137行目: 社員コード「1925」は社員マスタに存在しません
137行目: 事業所コード「8041-00」は事業所マスタに存在しません
139行目: 社員コード「11103」は社員マスタに存在しません
139行目: 事業所コード「8111-00」は事業所マスタに存在しません
140行目: 事業所コード「9351-00」は事業所マスタに存在しません
141行目: 社員コード「4821」は社員マスタに存在しません
142行目: 社員コード「5266」は社員マスタに存在しません
143行目: 事業所コード「9353-00」は事業所マスタに存在しません
146行目: 社員コード「550006」は社員マスタに存在しません
147行目: 社員コード「5267」は社員マスタに存在しません
147行目: 事業所コード「9531-00」は事業所マスタに存在しません
148行目: 社員コード「5268」は社員マスタに存在しません
148行目: 事業所コード「9526-00」は事業所マスタに存在しません
149行目: 事業所コード「9601-02」は事業所マスタに存在しません
150行目: 社員コード「500458」は社員マスタに存在しません
150行目: 事業所コード「0001-06」は事業所マスタに存在しません
151行目: 社員コード「550054」は社員マスタに存在しません
151行目: 事業所コード「9513-00」は事業所マスタに存在しません
152行目: 管理番号が空です
152行目: 事業所コード「9336-00」は事業所マスタに存在しません
153行目: 事業所コード「9106-00」は事業所マスタに存在しません
154行目: 社員コード「11528」は社員マスタに存在しません
156行目: 事業所コード「8752-00」は事業所マスタに存在しません
157行目: 社員コード「880081」は社員マスタに存在しません
159行目: 事業所コード「8111-00」は事業所マスタに存在しません
160行目: 社員コード「10911」は社員マスタに存在しません
161行目: 社員コード「10736」は社員マスタに存在しません
161行目: 事業所コード「9241-00」は事業所マスタに存在しません
163行目: 社員コード「5457」は社員マスタに存在しません
163行目: 事業所コード「9531-00」は事業所マスタに存在しません
164行目: 社員コード「5296」は社員マスタに存在しません
165行目: 社員コード「5281」は社員マスタに存在しません
165行目: 事業所コード「9335-00」は事業所マスタに存在しません
166行目: 社員コード「550009」は社員マスタに存在しません
166行目: 事業所コード「7002-00」は事業所マスタに存在しません
167行目: 社員コード「5480」は社員マスタに存在しません
169行目: 社員コードに不正な文字が含まれています（半角数字と「-」のみ使用可能）
170行目: 社員コード「9335」は社員マスタに存在しません
172行目: 事業所コード「9641-00」は事業所マスタに存在しません
174行目: 社員コード「4373」は社員マスタに存在しません
174行目: 事業所コード「9354-00」は事業所マスタに存在しません
175行目: 社員コード「550043」は社員マスタに存在しません
175行目: 事業所コード「9512-00」は事業所マスタに存在しません
178行目: 社員コード「5511」は社員マスタに存在しません
179行目: 事業所コード「9354-00」は事業所マスタに存在しません
180行目: 社員コード「70152」は社員マスタに存在しません
180行目: 事業所コード「0001-03」は事業所マスタに存在しません
181行目: 社員コード「9633」は社員マスタに存在しません
182行目: 社員コード「11135」は社員マスタに存在しません
183行目: 社員コード「4690」は社員マスタに存在しません
183行目: 事業所コード「8111-00」は事業所マスタに存在しません
184行目: 社員コード「550144」は社員マスタに存在しません
184行目: 事業所コード「9551-00」は事業所マスタに存在しません
185行目: 社員コード「550053」は社員マスタに存在しません
185行目: 事業所コード「9513-00」は事業所マスタに存在しません
188行目: 社員コード「550015」は社員マスタに存在しません
188行目: 事業所コード「9536-00」は事業所マスタに存在しません
189行目: 社員コードに不正な文字が含まれています（半角数字と「-」のみ使用可能）
190行目: 事業所コード「9335-00」は事業所マスタに存在しません
193行目: 社員コード「5535」は社員マスタに存在しません
193行目: 事業所コード「9335-00」は事業所マスタに存在しません
195行目: 社員コードに不正な文字が含まれています（半角数字と「-」のみ使用可能）
196行目: 社員コードに不正な文字が含まれています（半角数字と「-」のみ使用可能）
197行目: 社員コード「5550」は社員マスタに存在しません
197行目: 事業所コード「9551-00」は事業所マスタに存在しません
198行目: 社員コード「5552」は社員マスタに存在しません
198行目: 事業所コード「9536-00」は事業所マスタに存在しません
199行目: 社員コード「5551」は社員マスタに存在しません
199行目: 事業所コード「9521」は事業所マスタに存在しません
200行目: 社員コードに不正な文字が含まれています（半角数字と「-」のみ使用可能）
200行目: 事業所コード「9664」は事業所マスタに存在しません
201行目: 社員コード「5557」は社員マスタに存在しません
201行目: 事業所コード「9335-00」は事業所マスタに存在しません
202行目: 社員コード「5555」は社員マスタに存在しません
202行目: 事業所コード「9335-00」は事業所マスタに存在しません
205行目: 社員コード「5572」は社員マスタに存在しません
205行目: 事業所コード「9335-00」は事業所マスタに存在しません
206行目: 社員コード「880017」は社員マスタに存在しません
206行目: 事業所コード「9135-00」は事業所マスタに存在しません
207行目: 社員コード「9087」は社員マスタに存在しません
208行目: 社員コード「70157」は社員マスタに存在しません
208行目: 事業所コード「0004-00」は事業所マスタに存在しません
209行目: 社員コード「5563」は社員マスタに存在しません
210行目: 社員コード「2760」は社員マスタに存在しません
212行目: 社員コード「501041」は社員マスタに存在しません
212行目: 事業所コード「0001-03」は事業所マスタに存在しません
214行目: 社員コード「4751」は社員マスタに存在しません
215行目: 社員コード「2678」は社員マスタに存在しません
216行目: 社員コード「4510」は社員マスタに存在しません
216行目: 事業所コード「8021-00」は事業所マスタに存在しません
217行目: 社員コード「2954」は社員マスタに存在しません
217行目: 事業所コード「9201-00」は事業所マスタに存在しません
218行目: 社員コード「9198」は社員マスタに存在しません
220行目: 社員コード「3305」は社員マスタに存在しません
220行目: 事業所コード「9133-00」は事業所マスタに存在しません
222行目: 社員コード「2519」は社員マスタに存在しません
223行目: 社員コード「7152」は社員マスタに存在しません
223行目: 事業所コード「9203-00」は事業所マスタに存在しません
224行目: 社員コード「3028」は社員マスタに存在しません
224行目: 事業所コード「8041-00」は事業所マスタに存在しません
225行目: 社員コード「2951」は社員マスタに存在しません
225行目: 事業所コード「8011-00」は事業所マスタに存在しません
226行目: 社員コード「2953」は社員マスタに存在しません
227行目: 社員コード「3124」は社員マスタに存在しません
227行目: 事業所コード「9241-00」は事業所マスタに存在しません
228行目: 社員コード「3276」は社員マスタに存在しません
228行目: 事業所コード「8021-00」は事業所マスタに存在しません
229行目: 社員コード「2804」は社員マスタに存在しません
230行目: 社員コード「4112」は社員マスタに存在しません
231行目: 社員コード「3848」は社員マスタに存在しません
231行目: 事業所コード「9103-00」は事業所マスタに存在しません
232行目: 社員コード「3665」は社員マスタに存在しません
233行目: 社員コード「3994」は社員マスタに存在しません
233行目: 事業所コード「8121-00」は事業所マスタに存在しません
234行目: 社員コード「3452」は社員マスタに存在しません
235行目: 事業所コード「7002-00」は事業所マスタに存在しません
236行目: 事業所コード「9601-02」は事業所マスタに存在しません
237行目: 事業所コード「9601-00」は事業所マスタに存在しません
238行目: 社員コード「500693」は社員マスタに存在しません
238行目: 事業所コード「0001-03」は事業所マスタに存在しません
239行目: 社員コード「300457」は社員マスタに存在しません
239行目: 事業所コード「9601-00」は事業所マスタに存在しません
240行目: 社員コード「70060」は社員マスタに存在しません
240行目: 事業所コード「0005-00」は事業所マスタに存在しません
241行目: 社員コード「500423」は社員マスタに存在しません
241行目: 事業所コード「0001-02」は事業所マスタに存在しません
242行目: 社員コード「100537」は社員マスタに存在しません
242行目: 事業所コード「0001-03」は事業所マスタに存在しません
243行目: 社員コード「70121」は社員マスタに存在しません
243行目: 事業所コード「0002-02」は事業所マスタに存在しません
244行目: 社員コード「900402」は社員マスタに存在しません
244行目: 事業所コード「0001-03」は事業所マスタに存在しません
245行目: 社員コード「500515」は社員マスタに存在しません
245行目: 事業所コード「0001-03」は事業所マスタに存在しません
246行目: 社員コード「70011」は社員マスタに存在しません
246行目: 事業所コード「0001-03」は事業所マスタに存在しません
247行目: 社員コード「9800320」は社員マスタに存在しません
247行目: 事業所コード「0001-03」は事業所マスタに存在しません
248行目: 社員コード「70119」は社員マスタに存在しません
248行目: 事業所コード「0001-03」は事業所マスタに存在しません
249行目: 社員コード「70122」は社員マスタに存在しません
249行目: 事業所コード「0001-03」は事業所マスタに存在しません
250行目: 社員コード「200570」は社員マスタに存在しません
250行目: 事業所コード「0001-03」は事業所マスタに存在しません
251行目: 社員コード「70041」は社員マスタに存在しません
251行目: 事業所コード「0001-03」は事業所マスタに存在しません
252行目: 社員コード「70083」は社員マスタに存在しません
252行目: 事業所コード「0001-03」は事業所マスタに存在しません
253行目: 社員コード「70059」は社員マスタに存在しません
253行目: 事業所コード「0001-03」は事業所マスタに存在しません
254行目: 社員コード「9800292」は社員マスタに存在しません
254行目: 事業所コード「0001-03」は事業所マスタに存在しません
255行目: 社員コード「70054」は社員マスタに存在しません
255行目: 事業所コード「0001-03」は事業所マスタに存在しません
256行目: 社員コード「70072」は社員マスタに存在しません
256行目: 事業所コード「0001-03」は事業所マスタに存在しません
257行目: 事業所コード「9601-00」は事業所マスタに存在しません
258行目: 社員コード「150094」は社員マスタに存在しません
258行目: 事業所コード「0001-03」は事業所マスタに存在しません
259行目: 事業所コード「9601-00」は事業所マスタに存在しません
260行目: 社員コード「400454」は社員マスタに存在しません
260行目: 事業所コード「0001-03」は事業所マスタに存在しません
261行目: 社員コード「1790」は社員マスタに存在しません
261行目: 事業所コード「0005-00」は事業所マスタに存在しません
262行目: 社員コード「70036」は社員マスタに存在しません
262行目: 事業所コード「0002-02」は事業所マスタに存在しません
263行目: 社員コード「70113」は社員マスタに存在しません
263行目: 事業所コード「0001-07」は事業所マスタに存在しません
264行目: 社員コード「70045」は社員マスタに存在しません
264行目: 事業所コード「0005-00」は事業所マスタに存在しません
265行目: 事業所コード「9601-00」は事業所マスタに存在しません
266行目: 事業所コード「9601-00」は事業所マスタに存在しません
267行目: 社員コード「70117」は社員マスタに存在しません
267行目: 事業所コード「0002-02」は事業所マスタに存在しません
268行目: 事業所コード「9641-00」は事業所マスタに存在しません
269行目: 事業所コード「9641-00」は事業所マスタに存在しません
270行目: 事業所コード「9641-00」は事業所マスタに存在しません
271行目: 事業所コード「9641-00」は事業所マスタに存在しません
272行目: 事業所コード「9641-00」は事業所マスタに存在しません
273行目: 事業所コード「9641-00」は事業所マスタに存在しません
274行目: 社員コード「70142」は社員マスタに存在しません
274行目: 事業所コード「0001-03」は事業所マスタに存在しません
275行目: 事業所コード「9335-00」は事業所マスタに存在しません
276行目: 事業所コード「9335-00」は事業所マスタに存在しません
277行目: 事業所コード「9335-00」は事業所マスタに存在しません
278行目: 事業所コード「9335-00」は事業所マスタに存在しません
279行目: 事業所コード「9335-00」は事業所マスタに存在しません
280行目: 事業所コード「9335-00」は事業所マスタに存在しません
281行目: 事業所コード「9333-00」は事業所マスタに存在しません
282行目: 事業所コード「9601-00」は事業所マスタに存在しません
283行目: 社員コード「9397」は社員マスタに存在しません
283行目: 事業所コード「9241-00」は事業所マスタに存在しません
284行目: 社員コード「3275」は社員マスタに存在しません
284行目: 事業所コード「8011-00」は事業所マスタに存在しません
285行目: 社員コード「770052」は社員マスタに存在しません
285行目: 事業所コード「9106-00」は事業所マスタに存在しません
286行目: 社員コード「4131」は社員マスタに存在しません
287行目: 社員コード「4164」は社員マスタに存在しません
287行目: 事業所コード「8021-00」は事業所マスタに存在しません
288行目: 社員コード「4240」は社員マスタに存在しません
288行目: 事業所コード「8011-00」は事業所マスタに存在しません
289行目: 社員コード「70151」は社員マスタに存在しません
289行目: 事業所コード「0001-03」は事業所マスタに存在しません
290行目: 社員コード「240053」は社員マスタに存在しません
290行目: 事業所コード「9601」は事業所マスタに存在しません
291行目: 社員コード「500991」は社員マスタに存在しません
291行目: 事業所コード「0001-65」は事業所マスタに存在しません
292行目: 事業所コード「9641-00」は事業所マスタに存在しません
295行目: 社員コード「660106」は社員マスタに存在しません
295行目: 事業所コード「8121-00」は事業所マスタに存在しません
298行目: 社員コード「770045」は社員マスタに存在しません
298行目: 事業所コード「9106-00」は事業所マスタに存在しません
299行目: 社員コード「5223」は社員マスタに存在しません
299行目: 事業所コード「8021-00」は事業所マスタに存在しません
300行目: 管理番号が空です
300行目: 社員コード「550075」は社員マスタに存在しません
301行目: 社員コード「5210」は社員マスタに存在しません
301行目: 事業所コード「9241-00」は事業所マスタに存在しません
302行目: 社員コード「550056」は社員マスタに存在しません
303行目: 社員コード「550010」は社員マスタに存在しません
303行目: 事業所コード「7002-00」は事業所マスタに存在しません
304行目: 社員コード「9519」は社員マスタに存在しません
305行目: 社員コード「8120」は社員マスタに存在しません
306行目: 社員コード「3000」は社員マスタに存在しません
306行目: 事業所コード「9103-00」は事業所マスタに存在しません
307行目: 事業所コード「9352-00」は事業所マスタに存在しません
308行目: 社員コード「3118」は社員マスタに存在しません
308行目: 事業所コード「8041-00」は事業所マスタに存在しません
309行目: 社員コード「4499」は社員マスタに存在しません
310行目: 社員コード「5111」は社員マスタに存在しません
311行目: 社員コード「550091」は社員マスタに存在しません
311行目: 事業所コード「9512-00」は事業所マスタに存在しません
312行目: 社員コード「550017」は社員マスタに存在しません
312行目: 事業所コード「9526-00」は事業所マスタに存在しません
313行目: 社員コード「4300」は社員マスタに存在しません
313行目: 事業所コード「9241-00」は事業所マスタに存在しません
315行目: 社員コード「550020」は社員マスタに存在しません
316行目: 社員コード「550031」は社員マスタに存在しません
316行目: 事業所コード「9512-00」は事業所マスタに存在しません
317行目: 社員コード「550018」は社員マスタに存在しません
318行目: 社員コード「991000」は社員マスタに存在しません
318行目: 事業所コード「8211-00」は事業所マスタに存在しません
319行目: 社員コード「5528」は社員マスタに存在しません
319行目: 事業所コード「9335-00」は事業所マスタに存在しません
321行目: 事業所コード「9601-00」は事業所マスタに存在しません
322行目: 社員コード「11701」は社員マスタに存在しません
323行目: 管理番号に全角文字が含まれています
323行目: 社員コード「5148」は社員マスタに存在しません
325行目: 社員コード「4626」は社員マスタに存在しません
326行目: 社員コード「5158」は社員マスタに存在しません
327行目: 社員コード「12140」は社員マスタに存在しません
328行目: 社員コード「2643」は社員マスタに存在しません
329行目: 社員コード「550072」は社員マスタに存在しません
331行目: 事業所コード「13000」は事業所マスタに存在しません
332行目: 社員コード「2345」は社員マスタに存在しません
333行目: 社員コード「8516」は社員マスタに存在しません
333行目: 事業所コード「8021-00」は事業所マスタに存在しません
334行目: 社員コード「9441」は社員マスタに存在しません
335行目: 社員コード「2778」は社員マスタに存在しません
335行目: 事業所コード「9255-00」は事業所マスタに存在しません
336行目: 社員コード「3525」は社員マスタに存在しません
337行目: 社員コード「3389」は社員マスタに存在しません
338行目: 社員コード「660012」は社員マスタに存在しません
338行目: 事業所コード「8111-00」は事業所マスタに存在しません
339行目: 社員コード「5107」は社員マスタに存在しません
339行目: 事業所コード「9103-00」は事業所マスタに存在しません
341行目: 社員コード「9088」は社員マスタに存在しません
342行目: 社員コード「11702」は社員マスタに存在しません
343行目: 社員コード「11471」は社員マスタに存在しません
344行目: 事業所コード「13000」は事業所マスタに存在しません
345行目: 社員コード「11299」は社員マスタに存在しません
345行目: 事業所コード「9103-00」は事業所マスタに存在しません
346行目: 社員コード「550028」は社員マスタに存在しません
347行目: 社員コード「500993」は社員マスタに存在しません
347行目: 事業所コード「0001-62」は事業所マスタに存在しません
348行目: 事業所コード「11500」は事業所マスタに存在しません
351行目: 社員コード「550001」は社員マスタに存在しません
351行目: 事業所コード「9536-00」は事業所マスタに存在しません
352行目: 社員コード「550142」は社員マスタに存在しません
352行目: 事業所コード「9526-00」は事業所マスタに存在しません
353行目: 社員コード「550084」は社員マスタに存在しません
353行目: 事業所コード「9551-00」は事業所マスタに存在しません
354行目: 社員コード「550034」は社員マスタに存在しません
354行目: 事業所コード「9526-00」は事業所マスタに存在しません
355行目: 社員コード「3410」は社員マスタに存在しません
355行目: 事業所コード「9667-00」は事業所マスタに存在しません
356行目: 社員コード「3575」は社員マスタに存在しません
356行目: 事業所コード「9202-00」は事業所マスタに存在しません
356行目: 貸与日は「YYYY-MM-DD」または「YYYY/MM/DD」形式で入力してください
357行目: 社員コード「550088」は社員マスタに存在しません
357行目: 事業所コード「9526-00」は事業所マスタに存在しません
358行目: 社員コード「550011」は社員マスタに存在しません
358行目: 事業所コード「9526-00」は事業所マスタに存在しません
359行目: 社員コード「550022」は社員マスタに存在しません
359行目: 事業所コード「9526-00」は事業所マスタに存在しません
360行目: 事業所コード「9641-00」は事業所マスタに存在しません
361行目: 事業所コード「9641-00」は事業所マスタに存在しません
362行目: 事業所コード「9335-00」は事業所マスタに存在しません
363行目: 社員コード「550059」は社員マスタに存在しません
363行目: 事業所コード「9526-00」は事業所マスタに存在しません
364行目: 社員コード「550013」は社員マスタに存在しません
364行目: 事業所コード「9531-00」は事業所マスタに存在しません
365行目: 社員コード「70136」は社員マスタに存在しません
365行目: 事業所コード「0001-03」は事業所マスタに存在しません
366行目: 社員コード「4906」は社員マスタに存在しません
366行目: 事業所コード「9133-00」は事業所マスタに存在しません
367行目: 事業所コード「9351-00」は事業所マスタに存在しません
368行目: 事業所コード「9354-00」は事業所マスタに存在しません
369行目: 社員コード「1038」は社員マスタに存在しません
370行目: 事業所コード「13000」は事業所マスタに存在しません
371行目: 社員コード「4372」は社員マスタに存在しません
371行目: 事業所コード「9310-00」は事業所マスタに存在しません
372行目: 社員コード「3965」は社員マスタに存在しません
372行目: 事業所コード「9135-00」は事業所マスタに存在しません
374行目: 社員コード「4511」は社員マスタに存在しません
374行目: 事業所コード「8752-00」は事業所マスタに存在しません
375行目: 社員コード「3576」は社員マスタに存在しません
375行目: 事業所コード「9620-00」は事業所マスタに存在しません
376行目: 社員コード「1102」は社員マスタに存在しません
376行目: 事業所コード「9641-00」は事業所マスタに存在しません
377行目: 社員コード「2112」は社員マスタに存在しません
378行目: 社員コード「2661」は社員マスタに存在しません
379行目: 社員コード「2880」は社員マスタに存在しません
380行目: 社員コード「2212」は社員マスタに存在しません
380行目: 事業所コード「8041-00」は事業所マスタに存在しません
382行目: 社員コード「1800」は社員マスタに存在しません
382行目: 事業所コード「8041-00」は事業所マスタに存在しません
383行目: 社員コード「1926」は社員マスタに存在しません
383行目: 事業所コード「8121-00」は事業所マスタに存在しません
384行目: 事業所コード「9601-02」は事業所マスタに存在しません
385行目: 社員コード「3111」は社員マスタに存在しません
385行目: 事業所コード「8121-00」は事業所マスタに存在しません
386行目: 事業所コード「9200-00」は事業所マスタに存在しません
387行目: 社員コード「1600」は社員マスタに存在しません
387行目: 事業所コード「8041-00」は事業所マスタに存在しません
388行目: 社員コード「1337」は社員マスタに存在しません
388行目: 事業所コード「9106-00」は事業所マスタに存在しません
389行目: 社員コード「3067」は社員マスタに存在しません
390行目: 社員コード「11140」は社員マスタに存在しません
391行目: 社員コード「3208」は社員マスタに存在しません
392行目: 社員コード「2780」は社員マスタに存在しません
393行目: 社員コード「2436」は社員マスタに存在しません
394行目: 社員コード「1774」は社員マスタに存在しません
395行目: 社員コード「1581」は社員マスタに存在しません
395行目: 事業所コード「8021-00」は事業所マスタに存在しません
396行目: 社員コード「2645」は社員マスタに存在しません
397行目: 社員コード「1428」は社員マスタに存在しません
397行目: 事業所コード「9241-00」は事業所マスタに存在しません
398行目: 社員コード「2579」は社員マスタに存在しません
399行目: 事業所コード「9601-00」は事業所マスタに存在しません
400行目: 社員コード「3650」は社員マスタに存在しません
401行目: 社員コード「3462」は社員マスタに存在しません
402行目: 社員コード「1931」は社員マスタに存在しません
402行目: 事業所コード「8111-00」は事業所マスタに存在しません
403行目: 社員コード「550030」は社員マスタに存在しません
403行目: 事業所コード「9531-00」は事業所マスタに存在しません
404行目: 社員コード「550061」は社員マスタに存在しません
404行目: 事業所コード「9531-00」は事業所マスタに存在しません
405行目: 社員コード「550040」は社員マスタに存在しません
405行目: 事業所コード「9531-00」は事業所マスタに存在しません
406行目: 社員コード「550019」は社員マスタに存在しません
407行目: 社員コード「550077」は社員マスタに存在しません
408行目: 社員コード「550044」は社員マスタに存在しません
408行目: 事業所コード「9526-00」は事業所マスタに存在しません
409行目: 社員コード「550058」は社員マスタに存在しません
410行目: 社員コード「660123」は社員マスタに存在しません
410行目: 事業所コード「8021-00」は事業所マスタに存在しません
412行目: 事業所コード「9641-00」は事業所マスタに存在しません
413行目: 事業所コード「9641-00」は事業所マスタに存在しません
414行目: 社員コード「2350」は社員マスタに存在しません
415行目: 社員コード「2783」は社員マスタに存在しません
415行目: 事業所コード「8021-00」は事業所マスタに存在しません
416行目: 事業所コード「9331」は事業所マスタに存在しません
417行目: 事業所コード「9332」は事業所マスタに存在しません
418行目: 事業所コード「13000」は事業所マスタに存在しません
421行目: 管理番号に全角文字が含まれています
421行目: 社員コード「95」は社員マスタに存在しません
421行目: 貸与日は「YYYY-MM-DD」または「YYYY/MM/DD」形式で入力してください
422行目: 事業所コード「9351-00」は事業所マスタに存在しません
423行目: 社員コード「3678」は社員マスタに存在しません
423行目: 事業所コード「8111-00」は事業所マスタに存在しません
424行目: 社員コード「8882」は社員マスタに存在しません
425行目: 事業所コード「9601-00」は事業所マスタに存在しません
426行目: 社員コード「9521」は社員マスタに存在しません
427行目: 電話番号が空です
427行目: 社員コード「3410」は社員マスタに存在しません
427行目: 事業所コード「9667-00」は事業所マスタに存在しません
428行目: 社員コード「5490」は社員マスタに存在しません
428行目: 事業所コード「11600-00」は事業所マスタに存在しません
430行目: 社員コード「5303」は社員マスタに存在しません
431行目: 社員コード「5591」は社員マスタに存在しません
432行目: 事業所コード「8011-00」は事業所マスタに存在しません
433行目: 社員コード「5301」は社員マスタに存在しません
433行目: 事業所コード「8111-00」は事業所マスタに存在しません
434行目: 社員コード「70158」は社員マスタに存在しません
434行目: 事業所コード「0001-02」は事業所マスタに存在しません
435行目: 事業所コード「9404-00」は事業所マスタに存在しません
436行目: 事業所コード「9601-02」は事業所マスタに存在しません
437行目: 社員コード「900123」は社員マスタに存在しません
438行目: 社員コード「5302」は社員マスタに存在しません
438行目: 事業所コード「8707-00」は事業所マスタに存在しません
439行目: 社員コード「5300」は社員マスタに存在しません
439行目: 事業所コード「8021-00」は事業所マスタに存在しません
440行目: 事業所コード「9135-00」は事業所マスタに存在しません
441行目: 事業所コード「9135-00」は事業所マスタに存在しません
442行目: 社員コード「5569」は社員マスタに存在しません
443行目: 社員コード「70153」は社員マスタに存在しません
443行目: 事業所コード「0001-03」は事業所マスタに存在しません
444行目: 電話番号「SIMなし予備機」は不正な形式です (11桁の数値 または xxx-xxxx-xxxx)
445行目: 社員コード「2570」は社員マスタに存在しません
446行目: 社員コード「10505」は社員マスタに存在しません
446行目: 事業所コード「8705-00」は事業所マスタに存在しません
447行目: 社員コード「5520」は社員マスタに存在しません
447行目: 事業所コード「8752-00」は事業所マスタに存在しません
448行目: 社員コード「5609」は社員マスタに存在しません
448行目: 事業所コード「9335-00」は事業所マスタに存在しません
449行目: 社員コード「550062」は社員マスタに存在しません
449行目: 事業所コード「9241-00」は事業所マスタに存在しません
450行目: 社員コード「900141」は社員マスタに存在しません
450行目: 事業所コード「9601-00」は事業所マスタに存在しません
452行目: 社員コード「70163」は社員マスタに存在しません
452行目: 事業所コード「0001-03」は事業所マスタに存在しません
453行目: 社員コード「70164」は社員マスタに存在しません
453行目: 事業所コード「0001-03」は事業所マスタに存在しません
454行目: 社員コード「70162」は社員マスタに存在しません
454行目: 事業所コード「0001-03」は事業所マスタに存在しません
455行目: 社員コード「501109」は社員マスタに存在しません
455行目: 事業所コード「0001-03」は事業所マスタに存在しません
