.next/types/validator.ts(53,39): error TS2307: Cannot find module '../../src/app/(admin)/admin/audit/anomaly-rules/page.js' or its corresponding type declarations.
.next/types/validator.ts(62,39): error TS2307: Cannot find module '../../src/app/(admin)/audit-dashboard/page.js' or its corresponding type declarations.
src/app/(admin)/devices/feature-phones/page.tsx(302,51): error TS2345: Argument of type 'boolean' is not assignable to parameter of type 'number'.
src/app/(admin)/devices/feature-phones/page.tsx(614,50): error TS2345: Argument of type 'import("C:/Users/hokuto-marui/ledger-system-app/src/features/devices/device.types").FeaturePhone' is not assignable to parameter of type 'import("C:/Users/hokuto-marui/ledger-system-app/src/lib/types/index").FeaturePhone'.
  Type 'FeaturePhone' is missing the following properties from type 'FeaturePhone': version, updatedAt
src/app/(admin)/devices/iphones/page.tsx(337,23): error TS2554: Expected 2-4 arguments, but got 1.
src/app/(admin)/devices/iphones/page.tsx(651,44): error TS2345: Argument of type 'import("C:/Users/hokuto-marui/ledger-system-app/src/features/devices/device.types").IPhone' is not assignable to parameter of type 'import("C:/Users/hokuto-marui/ledger-system-app/src/lib/types/index").IPhone'.
  Type 'IPhone' is missing the following properties from type 'IPhone': version, updatedAt
src/app/(admin)/devices/routers/page.tsx(294,45): error TS2345: Argument of type 'boolean' is not assignable to parameter of type 'number'.
src/app/(admin)/devices/tablets/page.tsx(294,45): error TS2345: Argument of type 'boolean' is not assignable to parameter of type 'number'.
src/app/(admin)/devices/tablets/page.tsx(551,44): error TS2345: Argument of type 'import("C:/Users/hokuto-marui/ledger-system-app/src/features/devices/device.types").Tablet' is not assignable to parameter of type 'import("C:/Users/hokuto-marui/ledger-system-app/src/lib/types/index").Tablet'.
  Type 'Tablet' is missing the following properties from type 'Tablet': version, updatedAt
src/app/(admin)/masters/addresses/page.tsx(227,23): error TS2554: Expected 2-4 arguments, but got 1.
src/app/(admin)/masters/areas/page.tsx(249,23): error TS2554: Expected 2-4 arguments, but got 1.
src/app/(admin)/masters/areas/page.tsx(419,42): error TS2345: Argument of type 'import("C:/Users/hokuto-marui/ledger-system-app/src/features/areas/area.types").Area' is not assignable to parameter of type 'import("C:/Users/hokuto-marui/ledger-system-app/src/lib/types/index").Area'.
  Type 'Area' is missing the following properties from type 'Area': version, updatedAt
src/app/(admin)/masters/areas/page.tsx(436,17): error TS2322: Type 'import("C:/Users/hokuto-marui/ledger-system-app/src/features/areas/area.types").Area | undefined' is not assignable to type 'import("C:/Users/hokuto-marui/ledger-system-app/src/lib/types/index").Area | undefined'.
  Type 'Area' is missing the following properties from type 'Area': version, updatedAt
src/app/(admin)/masters/employees/page.tsx(243,23): error TS2554: Expected 2-4 arguments, but got 1.
src/features/addresses/address.service.ts(25,45): error TS2739: Type '{ id: any; no: string; addressCode: string; officeName: string; tel: string; fax: string; type: string; zipCode: string; address: string; notes: string; division: string; area: string; mainPerson: string; ... 6 more ...; accountingCode: string; }' is missing the following properties from type 'Address': version, updatedAt
src/features/addresses/components/AddressForm.tsx(45,67): error TS2345: Argument of type '{ no: string; addressCode: string; officeName: string; tel: string; fax: string; zipCode: string; address: string; notes: string; division: string; area: string; mainPerson: string; branchNumber: string; ... 6 more ...; type: string; }' is not assignable to parameter of type 'Omit<Address, "id"> | (() => Omit<Address, "id">)'.
  Type '{ no: string; addressCode: string; officeName: string; tel: string; fax: string; zipCode: string; address: string; notes: string; division: string; area: string; mainPerson: string; branchNumber: string; ... 6 more ...; type: string; }' is missing the following properties from type 'Omit<Address, "id">': version, updatedAt
src/features/addresses/logic/address-import-validator.ts(180,11): error TS2739: Type '{ addressCode: string; officeName: string; area: string; no: string; zipCode: string; address: string; tel: string; fax: string; division: string; accountingCode: string; mainPerson: string; branchNumber: string; ... 6 more ...; type: string; }' is missing the following properties from type 'Omit<Address, "id">': version, updatedAt
src/features/context/AuthContext.tsx(24,50): error TS2739: Type '{ id: any; code: string; name: string; nameKana: string; companyNo: string; departmentCode: string; email: string; gender: string; birthDate: string; joinDate: string; age: number; yearsOfService: number; ... 5 more ...; authId: string; }' is missing the following properties from type 'Employee': version, updatedAt
src/features/employees/components/EmployeeForm.tsx(26,61): error TS2345: Argument of type '{ code: string; name: string; nameKana: string; companyNo: string; departmentCode: string; email: string; role: "admin"; password: string; gender: string; birthDate: string; joinDate: string; age: number; yearsOfService: number; monthsHasuu: number; areaCode: string; addressCode: string; }' is not assignable to parameter of type 'EmployeeInput | (() => EmployeeInput)'.
  Type '{ code: string; name: string; nameKana: string; companyNo: string; departmentCode: string; email: string; role: "admin"; password: string; gender: string; birthDate: string; joinDate: string; age: number; yearsOfService: number; monthsHasuu: number; areaCode: string; addressCode: string; }' is missing the following properties from type 'EmployeeInput': version, updatedAt
src/features/employees/logic/employee-import-validator.ts(226,15): error TS2322: Type '{ code: string; gender: string; name: string; nameKana: string; birthDate: string; age: number; areaCode: string; addressCode: string; joinDate: string; yearsOfService: number; monthsHasuu: number; ... 4 more ...; email: string; }' is not assignable to type 'Omit<Employee, "id"> & { id?: string | undefined; }'.
  Type '{ code: string; gender: string; name: string; nameKana: string; birthDate: string; age: number; areaCode: string; addressCode: string; joinDate: string; yearsOfService: number; monthsHasuu: number; ... 4 more ...; email: string; }' is missing the following properties from type 'Omit<Employee, "id">': version, updatedAt
