src/app/(admin)/devices/routers/page.tsx(203,23): error TS2739: Type '{ contractStatus: string; contractYears: string; carrier: string; modelNumber: string; simNumber: string; dataCapacity: string; terminalCode: string; employeeCode: string; addressCode: string; ... 11 more ...; status: any; }' is missing the following properties from type 'Omit<Router, "id">': version, updatedAt
src/app/(admin)/devices/tablets/page.tsx(211,23): error TS2739: Type '{ terminalCode: string; maker: string; modelNumber: string; addressCode: string; employeeCode: string; notes: string; history: string; status: any; contractYears: string; costBearer: string; address: string; }' is missing the following properties from type 'Omit<Tablet, "id">': version, updatedAt
src/features/addresses/address.service.ts(25,45): error TS2739: Type '{ id: any; no: string; addressCode: string; officeName: string; tel: string; fax: string; type: string; zipCode: string; address: string; notes: string; division: string; area: string; mainPerson: string; ... 6 more ...; accountingCode: string; }' is missing the following properties from type 'Address': version, updatedAt
src/features/addresses/logic/address-import-validator.ts(180,11): error TS2739: Type '{ addressCode: string; officeName: string; area: string; no: string; zipCode: string; address: string; tel: string; fax: string; division: string; accountingCode: string; mainPerson: string; branchNumber: string; ... 6 more ...; type: string; }' is missing the following properties from type 'Omit<Address, "id">': version, updatedAt
src/features/areas/area.service.ts(26,39): error TS2739: Type '{ id: any; areaCode: string; areaName: string; }' is missing the following properties from type 'Area': version, updatedAt
src/features/context/AuthContext.tsx(24,50): error TS2739: Type '{ id: any; code: string; name: string; nameKana: string; companyNo: string; departmentCode: string; email: string; gender: string; birthDate: string; joinDate: string; age: number; yearsOfService: number; ... 5 more ...; authId: string; }' is missing the following properties from type 'Employee': version, updatedAt
src/features/employees/logic/employee-import-validator.ts(226,15): error TS2322: Type '{ code: string; gender: string; name: string; nameKana: string; birthDate: string; age: number; areaCode: string; addressCode: string; joinDate: string; yearsOfService: number; monthsHasuu: number; ... 4 more ...; email: string; }' is not assignable to type 'Omit<Employee, "id"> & { id?: string | undefined; }'.
  Type '{ code: string; gender: string; name: string; nameKana: string; birthDate: string; age: number; areaCode: string; addressCode: string; joinDate: string; yearsOfService: number; monthsHasuu: number; ... 4 more ...; email: string; }' is missing the following properties from type 'Omit<Employee, "id">': version, updatedAt
